<?xml version="1.0" encoding="utf-8"?>
<TestRun id="ec05104e-ea22-418d-9d87-db34f298e3fe" name="Administrator@IDEALSAVRAN 2021-02-22 13:47:29" runUser="IDEALSAVRAN\Administrator" xmlns="http://microsoft.com/schemas/VisualStudio/TeamTest/2010">
  <Times creation="2021-02-22T13:47:29.7458146+03:00" queuing="2021-02-22T13:47:29.7458156+03:00" start="2021-02-22T13:47:28.4382617+03:00" finish="2021-02-22T13:47:29.7512888+03:00" />
  <TestSettings name="default" id="26d327df-32c7-4692-a10a-7d7eee7d5512">
    <Deployment runDeploymentRoot="Administrator_IDEALSAVRAN_2021-02-22_13_47_29" />
  </TestSettings>
  <Results>
    <UnitTestResult executionId="3e91f4a5-eef5-4266-98c0-37f3a83582d2" testId="61f3806d-1883-a06e-7354-5767cc8d96cd" testName="ApplicationLibrary.Test.MovieSuggestionTest.CanSuggest(expected: True, score: 8)" computerName="IDEALSAVRAN" duration="00:00:00.0000062" startTime="2021-02-22T13:47:29.6304422+03:00" endTime="2021-02-22T13:47:29.6304424+03:00" testType="13cdc9d9-ddb5-4fa4-a97d-d965ccfc6d4b" outcome="Passed" testListId="8c84fa94-04c1-424b-9868-57a2d4851a1d" relativeResultsDirectory="3e91f4a5-eef5-4266-98c0-37f3a83582d2" />
    <UnitTestResult executionId="3b65c059-5d12-473d-8896-e0a6119fba9e" testId="dc891a73-d380-b6ca-6498-3215b3ad0df3" testName="ApplicationLibrary.Test.MovieSuggestionTest.CanSuggest(expected: False, score: 0)" computerName="IDEALSAVRAN" duration="00:00:00.0000044" startTime="2021-02-22T13:47:29.6304833+03:00" endTime="2021-02-22T13:47:29.6304835+03:00" testType="13cdc9d9-ddb5-4fa4-a97d-d965ccfc6d4b" outcome="Passed" testListId="8c84fa94-04c1-424b-9868-57a2d4851a1d" relativeResultsDirectory="3b65c059-5d12-473d-8896-e0a6119fba9e" />
    <UnitTestResult executionId="46812ea7-8637-4d8e-b35a-9c9d2e50bec4" testId="84f4a609-193e-4585-89dc-f877d81bbc64" testName="ApplicationLibrary.Test.MovieSuggestionTest.CanSuggest(expected: False, score: 7,99)" computerName="IDEALSAVRAN" duration="00:00:00.0000361" startTime="2021-02-22T13:47:29.6303665+03:00" endTime="2021-02-22T13:47:29.6303675+03:00" testType="13cdc9d9-ddb5-4fa4-a97d-d965ccfc6d4b" outcome="Passed" testListId="8c84fa94-04c1-424b-9868-57a2d4851a1d" relativeResultsDirectory="46812ea7-8637-4d8e-b35a-9c9d2e50bec4" />
    <UnitTestResult executionId="a17962af-aa34-4c32-af57-f2404a7e44af" testId="b9a486d1-061e-9f6d-ee0a-355532a3727f" testName="ApplicationLibrary.Test.MovieSuggestionTest.CanSuggest(expected: True, score: 10)" computerName="IDEALSAVRAN" duration="00:00:00.0045988" startTime="2021-02-22T13:47:29.6268375+03:00" endTime="2021-02-22T13:47:29.6269007+03:00" testType="13cdc9d9-ddb5-4fa4-a97d-d965ccfc6d4b" outcome="Passed" testListId="8c84fa94-04c1-424b-9868-57a2d4851a1d" relativeResultsDirectory="a17962af-aa34-4c32-af57-f2404a7e44af" />
  </Results>
  <TestDefinitions>
    <UnitTest name="ApplicationLibrary.Test.MovieSuggestionTest.CanSuggest(expected: False, score: 7,99)" storage="c:\users\administrator\source\repos\automatedtest\automatedtest\applicationlibrary.test\bin\debug\netcoreapp3.1\applicationlibrary.test.dll" id="84f4a609-193e-4585-89dc-f877d81bbc64">
      <Execution id="46812ea7-8637-4d8e-b35a-9c9d2e50bec4" />
      <TestMethod codeBase="C:\Users\Administrator\source\repos\AutomatedTest\AutomatedTest\ApplicationLibrary.Test\bin\Debug\netcoreapp3.1\ApplicationLibrary.Test.dll" adapterTypeName="executor://xunit/VsTestRunner2/netcoreapp" className="ApplicationLibrary.Test.MovieSuggestionTest" name="CanSuggest" />
    </UnitTest>
    <UnitTest name="ApplicationLibrary.Test.MovieSuggestionTest.CanSuggest(expected: False, score: 0)" storage="c:\users\administrator\source\repos\automatedtest\automatedtest\applicationlibrary.test\bin\debug\netcoreapp3.1\applicationlibrary.test.dll" id="dc891a73-d380-b6ca-6498-3215b3ad0df3">
      <Execution id="3b65c059-5d12-473d-8896-e0a6119fba9e" />
      <TestMethod codeBase="C:\Users\Administrator\source\repos\AutomatedTest\AutomatedTest\ApplicationLibrary.Test\bin\Debug\netcoreapp3.1\ApplicationLibrary.Test.dll" adapterTypeName="executor://xunit/VsTestRunner2/netcoreapp" className="ApplicationLibrary.Test.MovieSuggestionTest" name="CanSuggest" />
    </UnitTest>
    <UnitTest name="ApplicationLibrary.Test.MovieSuggestionTest.CanSuggest(expected: True, score: 8)" storage="c:\users\administrator\source\repos\automatedtest\automatedtest\applicationlibrary.test\bin\debug\netcoreapp3.1\applicationlibrary.test.dll" id="61f3806d-1883-a06e-7354-5767cc8d96cd">
      <Execution id="3e91f4a5-eef5-4266-98c0-37f3a83582d2" />
      <TestMethod codeBase="C:\Users\Administrator\source\repos\AutomatedTest\AutomatedTest\ApplicationLibrary.Test\bin\Debug\netcoreapp3.1\ApplicationLibrary.Test.dll" adapterTypeName="executor://xunit/VsTestRunner2/netcoreapp" className="ApplicationLibrary.Test.MovieSuggestionTest" name="CanSuggest" />
    </UnitTest>
    <UnitTest name="ApplicationLibrary.Test.MovieSuggestionTest.CanSuggest(expected: True, score: 10)" storage="c:\users\administrator\source\repos\automatedtest\automatedtest\applicationlibrary.test\bin\debug\netcoreapp3.1\applicationlibrary.test.dll" id="b9a486d1-061e-9f6d-ee0a-355532a3727f">
      <Execution id="a17962af-aa34-4c32-af57-f2404a7e44af" />
      <TestMethod codeBase="C:\Users\Administrator\source\repos\AutomatedTest\AutomatedTest\ApplicationLibrary.Test\bin\Debug\netcoreapp3.1\ApplicationLibrary.Test.dll" adapterTypeName="executor://xunit/VsTestRunner2/netcoreapp" className="ApplicationLibrary.Test.MovieSuggestionTest" name="CanSuggest" />
    </UnitTest>
  </TestDefinitions>
  <TestEntries>
    <TestEntry testId="61f3806d-1883-a06e-7354-5767cc8d96cd" executionId="3e91f4a5-eef5-4266-98c0-37f3a83582d2" testListId="8c84fa94-04c1-424b-9868-57a2d4851a1d" />
    <TestEntry testId="dc891a73-d380-b6ca-6498-3215b3ad0df3" executionId="3b65c059-5d12-473d-8896-e0a6119fba9e" testListId="8c84fa94-04c1-424b-9868-57a2d4851a1d" />
    <TestEntry testId="84f4a609-193e-4585-89dc-f877d81bbc64" executionId="46812ea7-8637-4d8e-b35a-9c9d2e50bec4" testListId="8c84fa94-04c1-424b-9868-57a2d4851a1d" />
    <TestEntry testId="b9a486d1-061e-9f6d-ee0a-355532a3727f" executionId="a17962af-aa34-4c32-af57-f2404a7e44af" testListId="8c84fa94-04c1-424b-9868-57a2d4851a1d" />
  </TestEntries>
  <TestLists>
    <TestList name="Bir Listede Olmayan Sonuçlar" id="8c84fa94-04c1-424b-9868-57a2d4851a1d" />
    <TestList name="Yüklenen Tüm Sonuçlar" id="19431567-8539-422a-85d7-44ee4e166bda" />
  </TestLists>
  <ResultSummary outcome="Completed">
    <Counters total="4" executed="4" passed="4" failed="0" error="0" timeout="0" aborted="0" inconclusive="0" passedButRunAborted="0" notRunnable="0" notExecuted="0" disconnected="0" warning="0" completed="0" inProgress="0" pending="0" />
    <Output>
      <StdOut>[xUnit.net 00:00:00.00] xUnit.net VSTest Adapter v2.4.0 (64-bit .NET Core 3.1.12)&#xD;
[xUnit.net 00:00:00.39]   Discovering: ApplicationLibrary.Test&#xD;
[xUnit.net 00:00:00.43]   Discovered:  ApplicationLibrary.Test&#xD;
[xUnit.net 00:00:00.43]   Starting:    ApplicationLibrary.Test&#xD;
[xUnit.net 00:00:00.50]   Finished:    ApplicationLibrary.Test&#xD;
</StdOut>
    </Output>
  </ResultSummary>
</TestRun>