<?xml version="1.0" encoding="utf-8"?>
<TestRun id="9f2a5d15-e64a-46f1-b0b4-5ed0bc581aa2" name="Administrator@IDEALSAVRAN 2021-02-22 13:29:49" runUser="IDEALSAVRAN\Administrator" xmlns="http://microsoft.com/schemas/VisualStudio/TeamTest/2010">
  <Times creation="2021-02-22T13:29:49.6181886+03:00" queuing="2021-02-22T13:29:49.6181902+03:00" start="2021-02-22T13:29:48.2216887+03:00" finish="2021-02-22T13:29:49.6239184+03:00" />
  <TestSettings name="default" id="c7702e16-4785-422b-9644-82362f701b3b">
    <Deployment runDeploymentRoot="Administrator_IDEALSAVRAN_2021-02-22_13_29_49" />
  </TestSettings>
  <Results>
    <UnitTestResult executionId="1841fb35-5303-43bf-a9cf-b856452b20e7" testId="84f4a609-193e-4585-89dc-f877d81bbc64" testName="ApplicationLibrary.Test.MovieSuggestionTest.CanSuggest(expected: False, score: 7,99)" computerName="IDEALSAVRAN" duration="00:00:00.0000501" startTime="2021-02-22T13:29:49.5071323+03:00" endTime="2021-02-22T13:29:49.5071337+03:00" testType="13cdc9d9-ddb5-4fa4-a97d-d965ccfc6d4b" outcome="Passed" testListId="8c84fa94-04c1-424b-9868-57a2d4851a1d" relativeResultsDirectory="1841fb35-5303-43bf-a9cf-b856452b20e7" />
    <UnitTestResult executionId="ded7aeab-310d-42b6-92d2-e28b1efa4392" testId="61f3806d-1883-a06e-7354-5767cc8d96cd" testName="ApplicationLibrary.Test.MovieSuggestionTest.CanSuggest(expected: True, score: 8)" computerName="IDEALSAVRAN" duration="00:00:00.0000076" startTime="2021-02-22T13:29:49.5072525+03:00" endTime="2021-02-22T13:29:49.5072529+03:00" testType="13cdc9d9-ddb5-4fa4-a97d-d965ccfc6d4b" outcome="Passed" testListId="8c84fa94-04c1-424b-9868-57a2d4851a1d" relativeResultsDirectory="ded7aeab-310d-42b6-92d2-e28b1efa4392" />
    <UnitTestResult executionId="71fc57f9-a9cd-4c19-9b58-1e3d4ef5a390" testId="dc891a73-d380-b6ca-6498-3215b3ad0df3" testName="ApplicationLibrary.Test.MovieSuggestionTest.CanSuggest(expected: False, score: 0)" computerName="IDEALSAVRAN" duration="00:00:00.0000061" startTime="2021-02-22T13:29:49.5073222+03:00" endTime="2021-02-22T13:29:49.5073224+03:00" testType="13cdc9d9-ddb5-4fa4-a97d-d965ccfc6d4b" outcome="Passed" testListId="8c84fa94-04c1-424b-9868-57a2d4851a1d" relativeResultsDirectory="71fc57f9-a9cd-4c19-9b58-1e3d4ef5a390" />
    <UnitTestResult executionId="bb003590-375e-4e7a-88bf-6a31379cf657" testId="b9a486d1-061e-9f6d-ee0a-355532a3727f" testName="ApplicationLibrary.Test.MovieSuggestionTest.CanSuggest(expected: True, score: 10)" computerName="IDEALSAVRAN" duration="00:00:00.0040115" startTime="2021-02-22T13:29:49.5032718+03:00" endTime="2021-02-22T13:29:49.5033613+03:00" testType="13cdc9d9-ddb5-4fa4-a97d-d965ccfc6d4b" outcome="Passed" testListId="8c84fa94-04c1-424b-9868-57a2d4851a1d" relativeResultsDirectory="bb003590-375e-4e7a-88bf-6a31379cf657" />
  </Results>
  <TestDefinitions>
    <UnitTest name="ApplicationLibrary.Test.MovieSuggestionTest.CanSuggest(expected: False, score: 7,99)" storage="c:\users\administrator\source\repos\automatedtest\automatedtest\applicationlibrary.test\bin\debug\netcoreapp3.1\applicationlibrary.test.dll" id="84f4a609-193e-4585-89dc-f877d81bbc64">
      <Execution id="1841fb35-5303-43bf-a9cf-b856452b20e7" />
      <TestMethod codeBase="C:\Users\Administrator\source\repos\AutomatedTest\AutomatedTest\ApplicationLibrary.Test\bin\Debug\netcoreapp3.1\ApplicationLibrary.Test.dll" adapterTypeName="executor://xunit/VsTestRunner2/netcoreapp" className="ApplicationLibrary.Test.MovieSuggestionTest" name="CanSuggest" />
    </UnitTest>
    <UnitTest name="ApplicationLibrary.Test.MovieSuggestionTest.CanSuggest(expected: False, score: 0)" storage="c:\users\administrator\source\repos\automatedtest\automatedtest\applicationlibrary.test\bin\debug\netcoreapp3.1\applicationlibrary.test.dll" id="dc891a73-d380-b6ca-6498-3215b3ad0df3">
      <Execution id="71fc57f9-a9cd-4c19-9b58-1e3d4ef5a390" />
      <TestMethod codeBase="C:\Users\Administrator\source\repos\AutomatedTest\AutomatedTest\ApplicationLibrary.Test\bin\Debug\netcoreapp3.1\ApplicationLibrary.Test.dll" adapterTypeName="executor://xunit/VsTestRunner2/netcoreapp" className="ApplicationLibrary.Test.MovieSuggestionTest" name="CanSuggest" />
    </UnitTest>
    <UnitTest name="ApplicationLibrary.Test.MovieSuggestionTest.CanSuggest(expected: True, score: 8)" storage="c:\users\administrator\source\repos\automatedtest\automatedtest\applicationlibrary.test\bin\debug\netcoreapp3.1\applicationlibrary.test.dll" id="61f3806d-1883-a06e-7354-5767cc8d96cd">
      <Execution id="ded7aeab-310d-42b6-92d2-e28b1efa4392" />
      <TestMethod codeBase="C:\Users\Administrator\source\repos\AutomatedTest\AutomatedTest\ApplicationLibrary.Test\bin\Debug\netcoreapp3.1\ApplicationLibrary.Test.dll" adapterTypeName="executor://xunit/VsTestRunner2/netcoreapp" className="ApplicationLibrary.Test.MovieSuggestionTest" name="CanSuggest" />
    </UnitTest>
    <UnitTest name="ApplicationLibrary.Test.MovieSuggestionTest.CanSuggest(expected: True, score: 10)" storage="c:\users\administrator\source\repos\automatedtest\automatedtest\applicationlibrary.test\bin\debug\netcoreapp3.1\applicationlibrary.test.dll" id="b9a486d1-061e-9f6d-ee0a-355532a3727f">
      <Execution id="bb003590-375e-4e7a-88bf-6a31379cf657" />
      <TestMethod codeBase="C:\Users\Administrator\source\repos\AutomatedTest\AutomatedTest\ApplicationLibrary.Test\bin\Debug\netcoreapp3.1\ApplicationLibrary.Test.dll" adapterTypeName="executor://xunit/VsTestRunner2/netcoreapp" className="ApplicationLibrary.Test.MovieSuggestionTest" name="CanSuggest" />
    </UnitTest>
  </TestDefinitions>
  <TestEntries>
    <TestEntry testId="84f4a609-193e-4585-89dc-f877d81bbc64" executionId="1841fb35-5303-43bf-a9cf-b856452b20e7" testListId="8c84fa94-04c1-424b-9868-57a2d4851a1d" />
    <TestEntry testId="61f3806d-1883-a06e-7354-5767cc8d96cd" executionId="ded7aeab-310d-42b6-92d2-e28b1efa4392" testListId="8c84fa94-04c1-424b-9868-57a2d4851a1d" />
    <TestEntry testId="dc891a73-d380-b6ca-6498-3215b3ad0df3" executionId="71fc57f9-a9cd-4c19-9b58-1e3d4ef5a390" testListId="8c84fa94-04c1-424b-9868-57a2d4851a1d" />
    <TestEntry testId="b9a486d1-061e-9f6d-ee0a-355532a3727f" executionId="bb003590-375e-4e7a-88bf-6a31379cf657" testListId="8c84fa94-04c1-424b-9868-57a2d4851a1d" />
  </TestEntries>
  <TestLists>
    <TestList name="Bir Listede Olmayan Sonuçlar" id="8c84fa94-04c1-424b-9868-57a2d4851a1d" />
    <TestList name="Yüklenen Tüm Sonuçlar" id="19431567-8539-422a-85d7-44ee4e166bda" />
  </TestLists>
  <ResultSummary outcome="Completed">
    <Counters total="4" executed="4" passed="4" failed="0" error="0" timeout="0" aborted="0" inconclusive="0" passedButRunAborted="0" notRunnable="0" notExecuted="0" disconnected="0" warning="0" completed="0" inProgress="0" pending="0" />
    <Output>
      <StdOut>[xUnit.net 00:00:00.00] xUnit.net VSTest Adapter v2.4.0 (64-bit .NET Core 3.1.12)&#xD;
[xUnit.net 00:00:00.40]   Discovering: ApplicationLibrary.Test&#xD;
[xUnit.net 00:00:00.45]   Discovered:  ApplicationLibrary.Test&#xD;
[xUnit.net 00:00:00.45]   Starting:    ApplicationLibrary.Test&#xD;
[xUnit.net 00:00:00.52]   Finished:    ApplicationLibrary.Test&#xD;
</StdOut>
    </Output>
  </ResultSummary>
</TestRun>