<?xml version="1.0" encoding="utf-8"?>
<TestRun id="94f3ffa8-54fb-4c9d-92b5-f19165e8c06c" name="ideal.savran@TRISTL0085 2021-02-23 03:04:02" runUser="TRDOMAIN\ideal.savran" xmlns="http://microsoft.com/schemas/VisualStudio/TeamTest/2010">
  <Times creation="2021-02-23T03:04:02.1679059+03:00" queuing="2021-02-23T03:04:02.1679061+03:00" start="2021-02-23T03:03:49.9612249+03:00" finish="2021-02-23T03:04:03.1310111+03:00" />
  <TestSettings name="default" id="8ae8bfa4-7928-443e-8311-c8e3d802ee4d">
    <Deployment runDeploymentRoot="ideal.savran_TRISTL0085_2021-02-23_03_04_02" />
  </TestSettings>
  <Results>
    <UnitTestResult executionId="393b7724-603f-4053-b1fa-4f3767b2e7f7" testId="84b5942f-75d4-c4ef-ecd2-343d076667df" testName="MovieApp.IntegrationTests.MoviesControllerIntegrationTests.Create_WhenCalled_ReturnsCreateForm" computerName="TRISTL0085" duration="00:00:00.0260338" startTime="2021-02-23T03:04:02.0306156+03:00" endTime="2021-02-23T03:04:02.0306167+03:00" testType="13cdc9d9-ddb5-4fa4-a97d-d965ccfc6d4b" outcome="Passed" testListId="8c84fa94-04c1-424b-9868-57a2d4851a1d" relativeResultsDirectory="393b7724-603f-4053-b1fa-4f3767b2e7f7" />
    <UnitTestResult executionId="72f4a46e-dc7c-4655-a7b5-34e07c21cded" testId="2b7fbd5c-1616-759b-3b75-674aa3e6d499" testName="MovieApp.IntegrationTests.MoviesControllerIntegrationTests.Index_WhenCalled_ReturnsApplicationForm" computerName="TRISTL0085" duration="00:00:00.8116345" startTime="2021-02-23T03:04:02.8105067+03:00" endTime="2021-02-23T03:04:02.8105080+03:00" testType="13cdc9d9-ddb5-4fa4-a97d-d965ccfc6d4b" outcome="Passed" testListId="8c84fa94-04c1-424b-9868-57a2d4851a1d" relativeResultsDirectory="72f4a46e-dc7c-4655-a7b5-34e07c21cded" />
    <UnitTestResult executionId="55b361ed-3621-4300-8626-8240612502c6" testId="d1f1983a-775a-7aff-8848-f1e62f7cbe85" testName="MovieApp.IntegrationTests.MoviesControllerIntegrationTests.Create_SentWrongModel_ReturnsViewWithErrorMessages" computerName="TRISTL0085" duration="00:00:00.0503235" startTime="2021-02-23T03:04:02.8633220+03:00" endTime="2021-02-23T03:04:02.8633235+03:00" testType="13cdc9d9-ddb5-4fa4-a97d-d965ccfc6d4b" outcome="Failed" testListId="8c84fa94-04c1-424b-9868-57a2d4851a1d" relativeResultsDirectory="55b361ed-3621-4300-8626-8240612502c6">
      <Output>
        <ErrorInfo>
          <Message>System.Net.Http.HttpRequestException : Response status code does not indicate success: 500 (Internal Server Error).</Message>
          <StackTrace>   at System.Net.Http.HttpResponseMessage.EnsureSuccessStatusCode()&#xD;
   at MovieApp.IntegrationTests.MoviesControllerIntegrationTests.Create_SentWrongModel_ReturnsViewWithErrorMessages() in C:\Users\ideal.sarvan\Source\Repos\AutomatedTest\AutomatedTest\MovieApp.IntegrationTests\MoviesController.cs:line 67&#xD;
--- End of stack trace from previous location ---</StackTrace>
        </ErrorInfo>
      </Output>
    </UnitTestResult>
    <UnitTestResult executionId="de0bd215-12b3-4e2a-90eb-2984895f0116" testId="faa0656b-655b-132f-d9c8-e5c3fd93c81a" testName="MovieApp.IntegrationTests.MoviesControllerIntegrationTests.Create_WhenPOSTExecuted_ReturnsToIndexView" computerName="TRISTL0085" duration="00:00:02.9844749" startTime="2021-02-23T03:04:01.9920511+03:00" endTime="2021-02-23T03:04:01.9921945+03:00" testType="13cdc9d9-ddb5-4fa4-a97d-d965ccfc6d4b" outcome="Failed" testListId="8c84fa94-04c1-424b-9868-57a2d4851a1d" relativeResultsDirectory="de0bd215-12b3-4e2a-90eb-2984895f0116">
      <Output>
        <ErrorInfo>
          <Message>System.Net.Http.HttpRequestException : Response status code does not indicate success: 500 (Internal Server Error).</Message>
          <StackTrace>   at System.Net.Http.HttpResponseMessage.EnsureSuccessStatusCode()&#xD;
   at MovieApp.IntegrationTests.MoviesControllerIntegrationTests.Create_WhenPOSTExecuted_ReturnsToIndexView() in C:\Users\ideal.sarvan\Source\Repos\AutomatedTest\AutomatedTest\MovieApp.IntegrationTests\MoviesController.cs:line 94&#xD;
--- End of stack trace from previous location ---</StackTrace>
        </ErrorInfo>
      </Output>
    </UnitTestResult>
  </Results>
  <TestDefinitions>
    <UnitTest name="MovieApp.IntegrationTests.MoviesControllerIntegrationTests.Create_SentWrongModel_ReturnsViewWithErrorMessages" storage="c:\users\ideal.sarvan\source\repos\automatedtest\automatedtest\movieapp.integrationtests\bin\debug\net5.0\movieapp.integrationtests.dll" id="d1f1983a-775a-7aff-8848-f1e62f7cbe85">
      <Execution id="55b361ed-3621-4300-8626-8240612502c6" />
      <TestMethod codeBase="C:\Users\ideal.sarvan\source\repos\AutomatedTest\AutomatedTest\MovieApp.IntegrationTests\bin\Debug\net5.0\MovieApp.IntegrationTests.dll" adapterTypeName="executor://xunit/VsTestRunner2/netcoreapp" className="MovieApp.IntegrationTests.MoviesControllerIntegrationTests" name="Create_SentWrongModel_ReturnsViewWithErrorMessages" />
    </UnitTest>
    <UnitTest name="MovieApp.IntegrationTests.MoviesControllerIntegrationTests.Create_WhenPOSTExecuted_ReturnsToIndexView" storage="c:\users\ideal.sarvan\source\repos\automatedtest\automatedtest\movieapp.integrationtests\bin\debug\net5.0\movieapp.integrationtests.dll" id="faa0656b-655b-132f-d9c8-e5c3fd93c81a">
      <Execution id="de0bd215-12b3-4e2a-90eb-2984895f0116" />
      <TestMethod codeBase="C:\Users\ideal.sarvan\source\repos\AutomatedTest\AutomatedTest\MovieApp.IntegrationTests\bin\Debug\net5.0\MovieApp.IntegrationTests.dll" adapterTypeName="executor://xunit/VsTestRunner2/netcoreapp" className="MovieApp.IntegrationTests.MoviesControllerIntegrationTests" name="Create_WhenPOSTExecuted_ReturnsToIndexView" />
    </UnitTest>
    <UnitTest name="MovieApp.IntegrationTests.MoviesControllerIntegrationTests.Index_WhenCalled_ReturnsApplicationForm" storage="c:\users\ideal.sarvan\source\repos\automatedtest\automatedtest\movieapp.integrationtests\bin\debug\net5.0\movieapp.integrationtests.dll" id="2b7fbd5c-1616-759b-3b75-674aa3e6d499">
      <Execution id="72f4a46e-dc7c-4655-a7b5-34e07c21cded" />
      <TestMethod codeBase="C:\Users\ideal.sarvan\source\repos\AutomatedTest\AutomatedTest\MovieApp.IntegrationTests\bin\Debug\net5.0\MovieApp.IntegrationTests.dll" adapterTypeName="executor://xunit/VsTestRunner2/netcoreapp" className="MovieApp.IntegrationTests.MoviesControllerIntegrationTests" name="Index_WhenCalled_ReturnsApplicationForm" />
    </UnitTest>
    <UnitTest name="MovieApp.IntegrationTests.MoviesControllerIntegrationTests.Create_WhenCalled_ReturnsCreateForm" storage="c:\users\ideal.sarvan\source\repos\automatedtest\automatedtest\movieapp.integrationtests\bin\debug\net5.0\movieapp.integrationtests.dll" id="84b5942f-75d4-c4ef-ecd2-343d076667df">
      <Execution id="393b7724-603f-4053-b1fa-4f3767b2e7f7" />
      <TestMethod codeBase="C:\Users\ideal.sarvan\source\repos\AutomatedTest\AutomatedTest\MovieApp.IntegrationTests\bin\Debug\net5.0\MovieApp.IntegrationTests.dll" adapterTypeName="executor://xunit/VsTestRunner2/netcoreapp" className="MovieApp.IntegrationTests.MoviesControllerIntegrationTests" name="Create_WhenCalled_ReturnsCreateForm" />
    </UnitTest>
  </TestDefinitions>
  <TestEntries>
    <TestEntry testId="84b5942f-75d4-c4ef-ecd2-343d076667df" executionId="393b7724-603f-4053-b1fa-4f3767b2e7f7" testListId="8c84fa94-04c1-424b-9868-57a2d4851a1d" />
    <TestEntry testId="2b7fbd5c-1616-759b-3b75-674aa3e6d499" executionId="72f4a46e-dc7c-4655-a7b5-34e07c21cded" testListId="8c84fa94-04c1-424b-9868-57a2d4851a1d" />
    <TestEntry testId="d1f1983a-775a-7aff-8848-f1e62f7cbe85" executionId="55b361ed-3621-4300-8626-8240612502c6" testListId="8c84fa94-04c1-424b-9868-57a2d4851a1d" />
    <TestEntry testId="faa0656b-655b-132f-d9c8-e5c3fd93c81a" executionId="de0bd215-12b3-4e2a-90eb-2984895f0116" testListId="8c84fa94-04c1-424b-9868-57a2d4851a1d" />
  </TestEntries>
  <TestLists>
    <TestList name="Results Not in a List" id="8c84fa94-04c1-424b-9868-57a2d4851a1d" />
    <TestList name="All Loaded Results" id="19431567-8539-422a-85d7-44ee4e166bda" />
  </TestLists>
  <ResultSummary outcome="Failed">
    <Counters total="4" executed="4" passed="2" failed="2" error="0" timeout="0" aborted="0" inconclusive="0" passedButRunAborted="0" notRunnable="0" notExecuted="0" disconnected="0" warning="0" completed="0" inProgress="0" pending="0" />
    <Output>
      <StdOut>[xUnit.net 00:00:00.01] xUnit.net VSTest Adapter v2.4.3+1b45f5407b (64-bit .NET 5.0.2)&#xD;
[xUnit.net 00:00:04.86]   Discovering: MovieApp.IntegrationTests&#xD;
[xUnit.net 00:00:04.98]   Discovered:  MovieApp.IntegrationTests&#xD;
[xUnit.net 00:00:04.99]   Starting:    MovieApp.IntegrationTests&#xD;
[xUnit.net 00:00:08.36]       System.Net.Http.HttpRequestException : Response status code does not indicate success: 500 (Internal Server Error).&#xD;
[xUnit.net 00:00:08.37]       Stack Trace:&#xD;
[xUnit.net 00:00:08.38]            at System.Net.Http.HttpResponseMessage.EnsureSuccessStatusCode()&#xD;
[xUnit.net 00:00:08.38]         C:\Users\ideal.sarvan\Source\Repos\AutomatedTest\AutomatedTest\MovieApp.IntegrationTests\MoviesController.cs(94,0): at MovieApp.IntegrationTests.MoviesControllerIntegrationTests.Create_WhenPOSTExecuted_ReturnsToIndexView()&#xD;
[xUnit.net 00:00:08.38]         --- End of stack trace from previous location ---&#xD;
[xUnit.net 00:00:09.25]       System.Net.Http.HttpRequestException : Response status code does not indicate success: 500 (Internal Server Error).&#xD;
[xUnit.net 00:00:09.25]       Stack Trace:&#xD;
[xUnit.net 00:00:09.25]            at System.Net.Http.HttpResponseMessage.EnsureSuccessStatusCode()&#xD;
[xUnit.net 00:00:09.25]         C:\Users\ideal.sarvan\Source\Repos\AutomatedTest\AutomatedTest\MovieApp.IntegrationTests\MoviesController.cs(67,0): at MovieApp.IntegrationTests.MoviesControllerIntegrationTests.Create_SentWrongModel_ReturnsViewWithErrorMessages()&#xD;
[xUnit.net 00:00:09.25]         --- End of stack trace from previous location ---&#xD;
[xUnit.net 00:00:09.29]   Finished:    MovieApp.IntegrationTests&#xD;
</StdOut>
    </Output>
    <RunInfos>
      <RunInfo computerName="TRISTL0085" outcome="Error" timestamp="2021-02-23T03:04:01.9733759+03:00">
        <Text>[xUnit.net 00:00:08.36]     MovieApp.IntegrationTests.MoviesControllerIntegrationTests.Create_WhenPOSTExecuted_ReturnsToIndexView [FAIL]</Text>
      </RunInfo>
      <RunInfo computerName="TRISTL0085" outcome="Error" timestamp="2021-02-23T03:04:02.8627987+03:00">
        <Text>[xUnit.net 00:00:09.25]     MovieApp.IntegrationTests.MoviesControllerIntegrationTests.Create_SentWrongModel_ReturnsViewWithErrorMessages [FAIL]</Text>
      </RunInfo>
    </RunInfos>
  </ResultSummary>
</TestRun>